Menu Principal
1 - Abrir ficheiro
2 - Guardar ficheiro
3 - Ver data
4 - Avançar data
5 - Menu de gestão de utentes
6 - Menu de gestão de obras
7 - Menu de gestão de requisições
0 - Sair
Escolha uma opção: Menu de obras
1 - Mostrar obra
2 - Mostrar todas as obras
3 - Efectuar pesquisa de termos
4 - Mostrar todas as obras de um criador
5 - Alterar inventário de uma obra
0 - Sair
Escolha uma opção: Introduza o identificador do criador: 1 - 3 de 3 - Livro - Analise Matematica sem Mestre - 19 - Técnica e Científica - Carlos Fonseca - 1234567890
2 - 50 de 50 - DVD - Bairro Alto e o Budismo Zen - 25 - Ficção - Carlos Fonseca - 1234567891
3 - 10 de 10 - DVD - Era uma vez na Amadora - 20 - Ficção - Carlos Fonseca - 200505550
4 - 2 de 2 - Livro - Sobreviver no 36 - 20 - Ficção - Carlos Fonseca - 1234567892
Menu de obras
1 - Mostrar obra
2 - Mostrar todas as obras
3 - Efectuar pesquisa de termos
4 - Mostrar todas as obras de um criador
5 - Alterar inventário de uma obra
0 - Sair
Escolha uma opção: Menu Principal
1 - Abrir ficheiro
2 - Guardar ficheiro
3 - Ver data
4 - Avançar data
5 - Menu de gestão de utentes
6 - Menu de gestão de obras
7 - Menu de gestão de requisições
0 - Sair
Escolha uma opção: 